[2025-10-27T20:17:52.106+0800][0.008s][info][gc,init] CardTable entry size: 512
[2025-10-27T20:17:52.106+0800][0.008s][info][gc     ] Using G1
[2025-10-27T20:17:52.107+0800][0.009s][info][gc,init] Version: 25+36-LTS (release)
[2025-10-27T20:17:52.107+0800][0.009s][info][gc,init] CPUs: 8 total, 8 available
[2025-10-27T20:17:52.107+0800][0.009s][info][gc,init] Memory: 16384M
[2025-10-27T20:17:52.107+0800][0.009s][info][gc,init] Large Page Support: Disabled
[2025-10-27T20:17:52.107+0800][0.009s][info][gc,init] NUMA Support: Disabled
[2025-10-27T20:17:52.107+0800][0.009s][info][gc,init] Compressed Oops: Enabled (Zero based)
[2025-10-27T20:17:52.107+0800][0.009s][info][gc,init] Heap Region Size: 1M
[2025-10-27T20:17:52.107+0800][0.009s][info][gc,init] Heap Min Capacity: 8M
[2025-10-27T20:17:52.107+0800][0.009s][info][gc,init] Heap Initial Capacity: 256M
[2025-10-27T20:17:52.107+0800][0.009s][info][gc,init] Heap Max Capacity: 1G
[2025-10-27T20:17:52.107+0800][0.009s][info][gc,init] Pre-touch: Disabled
[2025-10-27T20:17:52.107+0800][0.009s][info][gc,init] Parallel Workers: 8
[2025-10-27T20:17:52.107+0800][0.009s][info][gc,init] Concurrent Workers: 2
[2025-10-27T20:17:52.107+0800][0.009s][info][gc,init] Concurrent Refinement Workers: 8
[2025-10-27T20:17:52.107+0800][0.009s][info][gc,init] Periodic GC: Disabled
[2025-10-27T20:17:52.110+0800][0.013s][info][gc,metaspace] CDS archive(s) mapped at: [0x00000ff800000000-0x00000ff800d94000-0x00000ff800d94000), size 14237696, SharedBaseAddress: 0x00000ff800000000, ArchiveRelocationMode: 1.
[2025-10-27T20:17:52.111+0800][0.013s][info][gc,metaspace] Compressed class space mapped at: 0x00000ff801000000-0x00000ff841000000, reserved size: 1073741824
[2025-10-27T20:17:52.111+0800][0.013s][info][gc,metaspace] UseCompressedClassPointers 1, UseCompactObjectHeaders 0
[2025-10-27T20:17:52.111+0800][0.013s][info][gc,metaspace] Narrow klass pointer bits 32, Max shift 3
[2025-10-27T20:17:52.111+0800][0.013s][info][gc,metaspace] Narrow klass base: 0x00000ff800000000, Narrow klass shift: 0
[2025-10-27T20:17:52.111+0800][0.013s][info][gc,metaspace] Encoding Range: [0x00000ff800000000 - 0x00000ff900000000), (4294967296 bytes)
[2025-10-27T20:17:52.111+0800][0.013s][info][gc,metaspace] Klass Range:    [0x00000ff800004000 - 0x00000ff841000000), (1090502656 bytes)
[2025-10-27T20:17:52.111+0800][0.013s][info][gc,metaspace] Klass ID Range:  [16384 - 1090519033) (1090502649)
[2025-10-27T20:17:52.111+0800][0.013s][info][gc,metaspace] Protection zone: [0x00000ff800000000 - 0x00000ff800004000), (16384 bytes)
[2025-10-27T20:17:53.508+0800][1.410s][info][gc,start    ] GC(0) Pause Young (Normal) (G1 Evacuation Pause)
[2025-10-27T20:17:53.509+0800][1.411s][info][gc,task     ] GC(0) Using 6 workers of 8 for evacuation
[2025-10-27T20:17:53.567+0800][1.470s][info][gc,phases   ] GC(0)   Pre Evacuate Collection Set: 0.15ms
[2025-10-27T20:17:53.567+0800][1.470s][info][gc,phases   ] GC(0)   Merge Heap Roots: 0.49ms
[2025-10-27T20:17:53.567+0800][1.470s][info][gc,phases   ] GC(0)   Evacuate Collection Set: 57.57ms
[2025-10-27T20:17:53.567+0800][1.470s][info][gc,phases   ] GC(0)   Post Evacuate Collection Set: 0.20ms
[2025-10-27T20:17:53.567+0800][1.470s][info][gc,phases   ] GC(0)   Other: 0.50ms
[2025-10-27T20:17:53.567+0800][1.470s][info][gc,heap     ] GC(0) Eden regions: 47->0(48)
[2025-10-27T20:17:53.567+0800][1.470s][info][gc,heap     ] GC(0) Survivor regions: 0->6(6)
[2025-10-27T20:17:53.567+0800][1.470s][info][gc,heap     ] GC(0) Old regions: 2->30
[2025-10-27T20:17:53.567+0800][1.470s][info][gc,heap     ] GC(0) Humongous regions: 34->34
[2025-10-27T20:17:53.567+0800][1.470s][info][gc,metaspace] GC(0) Metaspace: 5956K(6208K)->5956K(6208K) NonClass: 5446K(5568K)->5446K(5568K) Class: 509K(640K)->509K(640K)
[2025-10-27T20:17:53.567+0800][1.470s][info][gc          ] GC(0) Pause Young (Normal) (G1 Evacuation Pause) 82M->68M(258M) 59.331ms
[2025-10-27T20:17:53.567+0800][1.470s][info][gc,cpu      ] GC(0) User=0.31s Sys=0.02s Real=0.06s
[2025-10-27T20:17:56.455+0800][4.358s][info][gc,start    ] GC(1) Pause Young (Concurrent Start) (G1 Humongous Allocation)
[2025-10-27T20:17:56.456+0800][4.358s][info][gc,task     ] GC(1) Using 6 workers of 8 for evacuation
[2025-10-27T20:17:56.553+0800][4.456s][info][gc,phases   ] GC(1)   Pre Evacuate Collection Set: 0.34ms
[2025-10-27T20:17:56.553+0800][4.456s][info][gc,phases   ] GC(1)   Merge Heap Roots: 0.77ms
[2025-10-27T20:17:56.553+0800][4.456s][info][gc,phases   ] GC(1)   Evacuate Collection Set: 96.24ms
[2025-10-27T20:17:56.553+0800][4.456s][info][gc,phases   ] GC(1)   Post Evacuate Collection Set: 0.15ms
[2025-10-27T20:17:56.553+0800][4.456s][info][gc,phases   ] GC(1)   Other: 0.19ms
[2025-10-27T20:17:56.553+0800][4.456s][info][gc,heap     ] GC(1) Eden regions: 65->0(26)
[2025-10-27T20:17:56.553+0800][4.456s][info][gc,heap     ] GC(1) Survivor regions: 6->10(10)
[2025-10-27T20:17:56.553+0800][4.456s][info][gc,heap     ] GC(1) Old regions: 30->90
[2025-10-27T20:17:56.553+0800][4.456s][info][gc,heap     ] GC(1) Humongous regions: 74->74
[2025-10-27T20:17:56.553+0800][4.456s][info][gc,metaspace] GC(1) Metaspace: 5991K(6208K)->5991K(6208K) NonClass: 5481K(5568K)->5481K(5568K) Class: 509K(640K)->509K(640K)
[2025-10-27T20:17:56.553+0800][4.456s][info][gc          ] GC(1) Pause Young (Concurrent Start) (G1 Humongous Allocation) 173M->173M(258M) 98.135ms
[2025-10-27T20:17:56.553+0800][4.456s][info][gc,cpu      ] GC(1) User=0.38s Sys=0.03s Real=0.10s
[2025-10-27T20:17:56.553+0800][4.456s][info][gc          ] GC(2) Concurrent Mark Cycle
[2025-10-27T20:17:56.553+0800][4.456s][info][gc,marking  ] GC(2) Concurrent Scan Root Regions
[2025-10-27T20:17:56.572+0800][4.475s][info][gc,marking  ] GC(2) Concurrent Scan Root Regions 18.816ms
[2025-10-27T20:17:56.572+0800][4.475s][info][gc,marking  ] GC(2) Concurrent Mark
[2025-10-27T20:17:56.572+0800][4.475s][info][gc,marking  ] GC(2) Concurrent Mark From Roots
[2025-10-27T20:17:56.572+0800][4.475s][info][gc,task     ] GC(2) Using 2 workers of 2 for marking
[2025-10-27T20:17:56.614+0800][4.516s][info][gc,marking  ] GC(2) Concurrent Mark From Roots 41.494ms
[2025-10-27T20:17:56.614+0800][4.516s][info][gc,marking  ] GC(2) Concurrent Preclean
[2025-10-27T20:17:56.614+0800][4.516s][info][gc,marking  ] GC(2) Concurrent Preclean 0.018ms
[2025-10-27T20:17:56.614+0800][4.516s][info][gc,start    ] GC(2) Pause Remark
[2025-10-27T20:17:56.615+0800][4.517s][info][gc          ] GC(2) Pause Remark 211M->161M(267M) 0.756ms
[2025-10-27T20:17:56.615+0800][4.517s][info][gc,cpu      ] GC(2) User=0.00s Sys=0.00s Real=0.00s
[2025-10-27T20:17:56.615+0800][4.517s][info][gc,marking  ] GC(2) Concurrent Mark 42.433ms
[2025-10-27T20:17:56.615+0800][4.517s][info][gc,marking  ] GC(2) Concurrent Rebuild Remembered Sets and Scrub Regions
[2025-10-27T20:17:56.644+0800][4.546s][info][gc,marking  ] GC(2) Concurrent Rebuild Remembered Sets and Scrub Regions 29.103ms
[2025-10-27T20:17:56.644+0800][4.546s][info][gc,start    ] GC(2) Pause Cleanup
[2025-10-27T20:17:56.644+0800][4.546s][info][gc          ] GC(2) Pause Cleanup 161M->161M(267M) 0.027ms
[2025-10-27T20:17:56.644+0800][4.546s][info][gc,cpu      ] GC(2) User=0.00s Sys=0.00s Real=0.00s
[2025-10-27T20:17:56.644+0800][4.546s][info][gc,marking  ] GC(2) Concurrent Clear Claimed Marks
[2025-10-27T20:17:56.644+0800][4.546s][info][gc,marking  ] GC(2) Concurrent Clear Claimed Marks 0.011ms
[2025-10-27T20:17:56.644+0800][4.546s][info][gc,marking  ] GC(2) Concurrent Cleanup for Next Mark
[2025-10-27T20:17:56.644+0800][4.547s][info][gc,marking  ] GC(2) Concurrent Cleanup for Next Mark 0.276ms
[2025-10-27T20:17:56.644+0800][4.547s][info][gc          ] GC(2) Concurrent Mark Cycle 90.885ms
[2025-10-27T20:17:57.673+0800][5.575s][info][gc,start    ] GC(3) Pause Young (Prepare Mixed) (G1 Evacuation Pause)
[2025-10-27T20:17:57.673+0800][5.575s][info][gc,task     ] GC(3) Using 6 workers of 8 for evacuation
[2025-10-27T20:17:57.713+0800][5.616s][info][gc,phases   ] GC(3)   Pre Evacuate Collection Set: 0.15ms
[2025-10-27T20:17:57.713+0800][5.616s][info][gc,phases   ] GC(3)   Merge Heap Roots: 0.87ms
[2025-10-27T20:17:57.713+0800][5.616s][info][gc,phases   ] GC(3)   Evacuate Collection Set: 39.00ms
[2025-10-27T20:17:57.713+0800][5.616s][info][gc,phases   ] GC(3)   Post Evacuate Collection Set: 0.19ms
[2025-10-27T20:17:57.713+0800][5.616s][info][gc,phases   ] GC(3)   Other: 0.15ms
[2025-10-27T20:17:57.714+0800][5.616s][info][gc,heap     ] GC(3) Eden regions: 26->0(25)
[2025-10-27T20:17:57.714+0800][5.616s][info][gc,heap     ] GC(3) Survivor regions: 10->5(5)
[2025-10-27T20:17:57.714+0800][5.616s][info][gc,heap     ] GC(3) Old regions: 90->123
[2025-10-27T20:17:57.714+0800][5.616s][info][gc,heap     ] GC(3) Humongous regions: 60->60
[2025-10-27T20:17:57.714+0800][5.616s][info][gc,metaspace] GC(3) Metaspace: 6002K(6272K)->6002K(6272K) NonClass: 5492K(5632K)->5492K(5632K) Class: 509K(640K)->509K(640K)
[2025-10-27T20:17:57.714+0800][5.616s][info][gc          ] GC(3) Pause Young (Prepare Mixed) (G1 Evacuation Pause) 185M->186M(267M) 40.889ms
[2025-10-27T20:17:57.714+0800][5.616s][info][gc,cpu      ] GC(3) User=0.20s Sys=0.00s Real=0.04s
[2025-10-27T20:17:58.841+0800][6.744s][info][gc,start    ] GC(4) Pause Young (Mixed) (G1 Evacuation Pause)
[2025-10-27T20:17:58.842+0800][6.744s][info][gc,task     ] GC(4) Using 7 workers of 8 for evacuation
[2025-10-27T20:17:58.881+0800][6.783s][info][gc,phases   ] GC(4)   Pre Evacuate Collection Set: 0.17ms
[2025-10-27T20:17:58.881+0800][6.783s][info][gc,phases   ] GC(4)   Merge Heap Roots: 0.85ms
[2025-10-27T20:17:58.881+0800][6.784s][info][gc,phases   ] GC(4)   Evacuate Collection Set: 37.98ms
[2025-10-27T20:17:58.881+0800][6.784s][info][gc,phases   ] GC(4)   Post Evacuate Collection Set: 0.15ms
[2025-10-27T20:17:58.881+0800][6.784s][info][gc,phases   ] GC(4)   Other: 0.38ms
[2025-10-27T20:17:58.881+0800][6.784s][info][gc,heap     ] GC(4) Eden regions: 25->0(16)
[2025-10-27T20:17:58.881+0800][6.784s][info][gc,heap     ] GC(4) Survivor regions: 5->4(4)
[2025-10-27T20:17:58.881+0800][6.784s][info][gc,heap     ] GC(4) Old regions: 123->150
[2025-10-27T20:17:58.881+0800][6.784s][info][gc,heap     ] GC(4) Humongous regions: 113->113
[2025-10-27T20:17:58.881+0800][6.784s][info][gc,metaspace] GC(4) Metaspace: 6011K(6272K)->6011K(6272K) NonClass: 5501K(5632K)->5501K(5632K) Class: 509K(640K)->509K(640K)
[2025-10-27T20:17:58.881+0800][6.784s][info][gc          ] GC(4) Pause Young (Mixed) (G1 Evacuation Pause) 264M->266M(320M) 39.927ms
[2025-10-27T20:17:58.881+0800][6.784s][info][gc,cpu      ] GC(4) User=0.17s Sys=0.01s Real=0.04s
[2025-10-27T20:17:59.555+0800][7.458s][info][gc,start    ] GC(5) Pause Young (Concurrent Start) (G1 Evacuation Pause)
[2025-10-27T20:17:59.556+0800][7.458s][info][gc,task     ] GC(5) Using 7 workers of 8 for evacuation
[2025-10-27T20:17:59.576+0800][7.478s][info][gc,phases   ] GC(5)   Pre Evacuate Collection Set: 0.14ms
[2025-10-27T20:17:59.576+0800][7.478s][info][gc,phases   ] GC(5)   Merge Heap Roots: 0.14ms
[2025-10-27T20:17:59.576+0800][7.478s][info][gc,phases   ] GC(5)   Evacuate Collection Set: 19.61ms
[2025-10-27T20:17:59.576+0800][7.478s][info][gc,phases   ] GC(5)   Post Evacuate Collection Set: 0.16ms
[2025-10-27T20:17:59.576+0800][7.478s][info][gc,phases   ] GC(5)   Other: 0.09ms
[2025-10-27T20:17:59.576+0800][7.478s][info][gc,heap     ] GC(5) Eden regions: 16->0(13)
[2025-10-27T20:17:59.576+0800][7.478s][info][gc,heap     ] GC(5) Survivor regions: 4->3(3)
[2025-10-27T20:17:59.576+0800][7.478s][info][gc,heap     ] GC(5) Old regions: 150->169
[2025-10-27T20:17:59.576+0800][7.478s][info][gc,heap     ] GC(5) Humongous regions: 113->113
[2025-10-27T20:17:59.576+0800][7.478s][info][gc,metaspace] GC(5) Metaspace: 6011K(6272K)->6011K(6272K) NonClass: 5501K(5632K)->5501K(5632K) Class: 509K(640K)->509K(640K)
[2025-10-27T20:17:59.576+0800][7.478s][info][gc          ] GC(5) Pause Young (Concurrent Start) (G1 Evacuation Pause) 282M->284M(320M) 20.466ms
[2025-10-27T20:17:59.576+0800][7.478s][info][gc,cpu      ] GC(5) User=0.09s Sys=0.00s Real=0.02s
[2025-10-27T20:17:59.576+0800][7.478s][info][gc          ] GC(6) Concurrent Mark Cycle
[2025-10-27T20:17:59.576+0800][7.478s][info][gc,marking  ] GC(6) Concurrent Scan Root Regions
[2025-10-27T20:17:59.582+0800][7.485s][info][gc,marking  ] GC(6) Concurrent Scan Root Regions 6.455ms
[2025-10-27T20:17:59.582+0800][7.485s][info][gc,marking  ] GC(6) Concurrent Mark
[2025-10-27T20:17:59.582+0800][7.485s][info][gc,marking  ] GC(6) Concurrent Mark From Roots
[2025-10-27T20:17:59.582+0800][7.485s][info][gc,task     ] GC(6) Using 2 workers of 2 for marking
[2025-10-27T20:17:59.704+0800][7.606s][info][gc,marking  ] GC(6) Concurrent Mark From Roots 121.538ms
[2025-10-27T20:17:59.704+0800][7.606s][info][gc,marking  ] GC(6) Concurrent Preclean
[2025-10-27T20:17:59.704+0800][7.606s][info][gc,marking  ] GC(6) Concurrent Preclean 0.031ms
[2025-10-27T20:17:59.704+0800][7.606s][info][gc,start    ] GC(6) Pause Remark
[2025-10-27T20:17:59.705+0800][7.607s][info][gc          ] GC(6) Pause Remark 287M->227M(375M) 0.982ms
[2025-10-27T20:17:59.705+0800][7.607s][info][gc,cpu      ] GC(6) User=0.00s Sys=0.01s Real=0.00s
[2025-10-27T20:17:59.705+0800][7.608s][info][gc,marking  ] GC(6) Concurrent Mark 122.703ms
[2025-10-27T20:17:59.705+0800][7.608s][info][gc,marking  ] GC(6) Concurrent Rebuild Remembered Sets and Scrub Regions
[2025-10-27T20:17:59.748+0800][7.650s][info][gc,marking  ] GC(6) Concurrent Rebuild Remembered Sets and Scrub Regions 42.753ms
[2025-10-27T20:17:59.748+0800][7.650s][info][gc,start    ] GC(6) Pause Cleanup
[2025-10-27T20:17:59.748+0800][7.650s][info][gc          ] GC(6) Pause Cleanup 228M->228M(375M) 0.027ms
[2025-10-27T20:17:59.748+0800][7.650s][info][gc,cpu      ] GC(6) User=0.00s Sys=0.00s Real=0.00s
[2025-10-27T20:17:59.748+0800][7.650s][info][gc,marking  ] GC(6) Concurrent Clear Claimed Marks
[2025-10-27T20:17:59.748+0800][7.650s][info][gc,marking  ] GC(6) Concurrent Clear Claimed Marks 0.010ms
[2025-10-27T20:17:59.748+0800][7.650s][info][gc,marking  ] GC(6) Concurrent Cleanup for Next Mark
[2025-10-27T20:17:59.748+0800][7.651s][info][gc,marking  ] GC(6) Concurrent Cleanup for Next Mark 0.382ms
[2025-10-27T20:17:59.748+0800][7.651s][info][gc          ] GC(6) Concurrent Mark Cycle 172.505ms
[2025-10-27T20:18:00.210+0800][8.112s][info][gc,start    ] GC(7) Pause Young (Prepare Mixed) (G1 Evacuation Pause)
[2025-10-27T20:18:00.210+0800][8.112s][info][gc,task     ] GC(7) Using 8 workers of 8 for evacuation
[2025-10-27T20:18:00.229+0800][8.131s][info][gc,phases   ] GC(7)   Pre Evacuate Collection Set: 0.11ms
[2025-10-27T20:18:00.229+0800][8.131s][info][gc,phases   ] GC(7)   Merge Heap Roots: 0.14ms
[2025-10-27T20:18:00.229+0800][8.131s][info][gc,phases   ] GC(7)   Evacuate Collection Set: 18.43ms
[2025-10-27T20:18:00.229+0800][8.131s][info][gc,phases   ] GC(7)   Post Evacuate Collection Set: 0.13ms
[2025-10-27T20:18:00.229+0800][8.131s][info][gc,phases   ] GC(7)   Other: 0.19ms
[2025-10-27T20:18:00.229+0800][8.131s][info][gc,heap     ] GC(7) Eden regions: 15->0(41)
[2025-10-27T20:18:00.229+0800][8.131s][info][gc,heap     ] GC(7) Survivor regions: 3->3(3)
[2025-10-27T20:18:00.229+0800][8.131s][info][gc,heap     ] GC(7) Old regions: 169->186
[2025-10-27T20:18:00.229+0800][8.131s][info][gc,heap     ] GC(7) Humongous regions: 53->53
[2025-10-27T20:18:00.229+0800][8.131s][info][gc,metaspace] GC(7) Metaspace: 6021K(6272K)->6021K(6272K) NonClass: 5511K(5632K)->5511K(5632K) Class: 509K(640K)->509K(640K)
[2025-10-27T20:18:00.229+0800][8.132s][info][gc          ] GC(7) Pause Young (Prepare Mixed) (G1 Evacuation Pause) 239M->241M(375M) 19.257ms
[2025-10-27T20:18:00.229+0800][8.132s][info][gc,cpu      ] GC(7) User=0.08s Sys=0.01s Real=0.01s
[2025-10-27T20:18:02.042+0800][9.944s][info][gc,start    ] GC(8) Pause Young (Mixed) (G1 Evacuation Pause)
[2025-10-27T20:18:02.042+0800][9.944s][info][gc,task     ] GC(8) Using 8 workers of 8 for evacuation
[2025-10-27T20:18:02.083+0800][9.985s][info][gc,phases   ] GC(8)   Pre Evacuate Collection Set: 0.11ms
[2025-10-27T20:18:02.083+0800][9.985s][info][gc,phases   ] GC(8)   Merge Heap Roots: 0.22ms
[2025-10-27T20:18:02.083+0800][9.985s][info][gc,phases   ] GC(8)   Evacuate Collection Set: 40.29ms
[2025-10-27T20:18:02.083+0800][9.985s][info][gc,phases   ] GC(8)   Post Evacuate Collection Set: 0.17ms
[2025-10-27T20:18:02.083+0800][9.985s][info][gc,phases   ] GC(8)   Other: 0.07ms
[2025-10-27T20:18:02.083+0800][9.985s][info][gc,heap     ] GC(8) Eden regions: 41->0(28)
[2025-10-27T20:18:02.083+0800][9.985s][info][gc,heap     ] GC(8) Survivor regions: 3->6(6)
[2025-10-27T20:18:02.083+0800][9.985s][info][gc,heap     ] GC(8) Old regions: 186->224
[2025-10-27T20:18:02.083+0800][9.985s][info][gc,heap     ] GC(8) Humongous regions: 133->133
[2025-10-27T20:18:02.083+0800][9.985s][info][gc,metaspace] GC(8) Metaspace: 6037K(6272K)->6037K(6272K) NonClass: 5527K(5632K)->5527K(5632K) Class: 509K(640K)->509K(640K)
[2025-10-27T20:18:02.083+0800][9.985s][info][gc          ] GC(8) Pause Young (Mixed) (G1 Evacuation Pause) 362M->362M(455M) 41.091ms
[2025-10-27T20:18:02.083+0800][9.985s][info][gc,cpu      ] GC(8) User=0.26s Sys=0.01s Real=0.04s
[2025-10-27T20:18:03.285+0800][11.188s][info][gc,start    ] GC(9) Pause Young (Concurrent Start) (G1 Evacuation Pause)
[2025-10-27T20:18:03.286+0800][11.188s][info][gc,task     ] GC(9) Using 8 workers of 8 for evacuation
[2025-10-27T20:18:03.316+0800][11.218s][info][gc,phases   ] GC(9)   Pre Evacuate Collection Set: 0.34ms
[2025-10-27T20:18:03.316+0800][11.218s][info][gc,phases   ] GC(9)   Merge Heap Roots: 0.45ms
[2025-10-27T20:18:03.316+0800][11.218s][info][gc,phases   ] GC(9)   Evacuate Collection Set: 29.25ms
[2025-10-27T20:18:03.316+0800][11.218s][info][gc,phases   ] GC(9)   Post Evacuate Collection Set: 0.15ms
[2025-10-27T20:18:03.316+0800][11.218s][info][gc,phases   ] GC(9)   Other: 0.13ms
[2025-10-27T20:18:03.316+0800][11.219s][info][gc,heap     ] GC(9) Eden regions: 28->0(19)
[2025-10-27T20:18:03.316+0800][11.219s][info][gc,heap     ] GC(9) Survivor regions: 6->5(5)
[2025-10-27T20:18:03.316+0800][11.219s][info][gc,heap     ] GC(9) Old regions: 224->255
[2025-10-27T20:18:03.316+0800][11.219s][info][gc,heap     ] GC(9) Humongous regions: 133->133
[2025-10-27T20:18:03.316+0800][11.219s][info][gc,metaspace] GC(9) Metaspace: 6037K(6272K)->6037K(6272K) NonClass: 5527K(5632K)->5527K(5632K) Class: 509K(640K)->509K(640K)
[2025-10-27T20:18:03.316+0800][11.219s][info][gc          ] GC(9) Pause Young (Concurrent Start) (G1 Evacuation Pause) 390M->392M(455M) 30.692ms
[2025-10-27T20:18:03.316+0800][11.219s][info][gc,cpu      ] GC(9) User=0.14s Sys=0.01s Real=0.03s
[2025-10-27T20:18:03.316+0800][11.219s][info][gc          ] GC(10) Concurrent Mark Cycle
[2025-10-27T20:18:03.316+0800][11.219s][info][gc,marking  ] GC(10) Concurrent Scan Root Regions
[2025-10-27T20:18:03.327+0800][11.229s][info][gc,marking  ] GC(10) Concurrent Scan Root Regions 10.483ms
[2025-10-27T20:18:03.327+0800][11.229s][info][gc,marking  ] GC(10) Concurrent Mark
[2025-10-27T20:18:03.327+0800][11.229s][info][gc,marking  ] GC(10) Concurrent Mark From Roots
[2025-10-27T20:18:03.327+0800][11.229s][info][gc,task     ] GC(10) Using 2 workers of 2 for marking
[2025-10-27T20:18:03.480+0800][11.383s][info][gc,marking  ] GC(10) Concurrent Mark From Roots 153.621ms
[2025-10-27T20:18:03.480+0800][11.383s][info][gc,marking  ] GC(10) Concurrent Preclean
[2025-10-27T20:18:03.480+0800][11.383s][info][gc,marking  ] GC(10) Concurrent Preclean 0.024ms
[2025-10-27T20:18:03.481+0800][11.383s][info][gc,start    ] GC(10) Pause Remark
[2025-10-27T20:18:03.481+0800][11.384s][info][gc          ] GC(10) Pause Remark 396M->343M(567M) 0.675ms
[2025-10-27T20:18:03.481+0800][11.384s][info][gc,cpu      ] GC(10) User=0.00s Sys=0.01s Real=0.00s
[2025-10-27T20:18:03.481+0800][11.384s][info][gc,marking  ] GC(10) Concurrent Mark 154.465ms
[2025-10-27T20:18:03.481+0800][11.384s][info][gc,marking  ] GC(10) Concurrent Rebuild Remembered Sets and Scrub Regions
[2025-10-27T20:18:03.543+0800][11.445s][info][gc,marking  ] GC(10) Concurrent Rebuild Remembered Sets and Scrub Regions 61.530ms
[2025-10-27T20:18:03.543+0800][11.445s][info][gc,start    ] GC(10) Pause Cleanup
[2025-10-27T20:18:03.543+0800][11.445s][info][gc          ] GC(10) Pause Cleanup 345M->345M(567M) 0.032ms
[2025-10-27T20:18:03.543+0800][11.445s][info][gc,cpu      ] GC(10) User=0.00s Sys=0.00s Real=0.00s
[2025-10-27T20:18:03.543+0800][11.445s][info][gc,marking  ] GC(10) Concurrent Clear Claimed Marks
[2025-10-27T20:18:03.543+0800][11.445s][info][gc,marking  ] GC(10) Concurrent Clear Claimed Marks 0.022ms
[2025-10-27T20:18:03.543+0800][11.445s][info][gc,marking  ] GC(10) Concurrent Cleanup for Next Mark
[2025-10-27T20:18:03.543+0800][11.446s][info][gc,marking  ] GC(10) Concurrent Cleanup for Next Mark 0.420ms
[2025-10-27T20:18:03.543+0800][11.446s][info][gc          ] GC(10) Concurrent Mark Cycle 227.169ms
[2025-10-27T20:18:04.295+0800][12.197s][info][gc,start    ] GC(11) Pause Young (Prepare Mixed) (G1 Evacuation Pause)
[2025-10-27T20:18:04.295+0800][12.197s][info][gc,task     ] GC(11) Using 8 workers of 8 for evacuation
[2025-10-27T20:18:04.319+0800][12.221s][info][gc,phases   ] GC(11)   Pre Evacuate Collection Set: 0.22ms
[2025-10-27T20:18:04.319+0800][12.221s][info][gc,phases   ] GC(11)   Merge Heap Roots: 0.33ms
[2025-10-27T20:18:04.319+0800][12.221s][info][gc,phases   ] GC(11)   Evacuate Collection Set: 22.82ms
[2025-10-27T20:18:04.319+0800][12.221s][info][gc,phases   ] GC(11)   Post Evacuate Collection Set: 0.22ms
[2025-10-27T20:18:04.319+0800][12.221s][info][gc,phases   ] GC(11)   Other: 0.12ms
[2025-10-27T20:18:04.319+0800][12.221s][info][gc,heap     ] GC(11) Eden regions: 23->0(63)
[2025-10-27T20:18:04.319+0800][12.221s][info][gc,heap     ] GC(11) Survivor regions: 5->4(4)
[2025-10-27T20:18:04.319+0800][12.221s][info][gc,heap     ] GC(11) Old regions: 255->281
[2025-10-27T20:18:04.319+0800][12.221s][info][gc,heap     ] GC(11) Humongous regions: 80->80
[2025-10-27T20:18:04.319+0800][12.221s][info][gc,metaspace] GC(11) Metaspace: 6046K(6272K)->6046K(6272K) NonClass: 5535K(5632K)->5535K(5632K) Class: 510K(640K)->510K(640K)
[2025-10-27T20:18:04.319+0800][12.221s][info][gc          ] GC(11) Pause Young (Prepare Mixed) (G1 Evacuation Pause) 362M->364M(567M) 24.079ms
[2025-10-27T20:18:04.319+0800][12.221s][info][gc,cpu      ] GC(11) User=0.11s Sys=0.00s Real=0.02s
[2025-10-27T20:18:07.110+0800][15.012s][info][gc,start    ] GC(12) Pause Young (Mixed) (G1 Evacuation Pause)
[2025-10-27T20:18:07.110+0800][15.012s][info][gc,task     ] GC(12) Using 8 workers of 8 for evacuation
[2025-10-27T20:18:07.175+0800][15.077s][info][gc,phases   ] GC(12)   Pre Evacuate Collection Set: 0.20ms
[2025-10-27T20:18:07.175+0800][15.077s][info][gc,phases   ] GC(12)   Merge Heap Roots: 1.02ms
[2025-10-27T20:18:07.175+0800][15.077s][info][gc,phases   ] GC(12)   Evacuate Collection Set: 63.45ms
[2025-10-27T20:18:07.175+0800][15.077s][info][gc,phases   ] GC(12)   Post Evacuate Collection Set: 0.20ms
[2025-10-27T20:18:07.175+0800][15.077s][info][gc,phases   ] GC(12)   Other: 0.12ms
[2025-10-27T20:18:07.175+0800][15.077s][info][gc,heap     ] GC(12) Eden regions: 63->0(44)
[2025-10-27T20:18:07.175+0800][15.077s][info][gc,heap     ] GC(12) Survivor regions: 4->9(9)
[2025-10-27T20:18:07.175+0800][15.077s][info][gc,heap     ] GC(12) Old regions: 281->337
[2025-10-27T20:18:07.175+0800][15.077s][info][gc,heap     ] GC(12) Humongous regions: 199->199
[2025-10-27T20:18:07.175+0800][15.077s][info][gc,metaspace] GC(12) Metaspace: 6078K(6336K)->6078K(6336K) NonClass: 5568K(5696K)->5568K(5696K) Class: 510K(640K)->510K(640K)
[2025-10-27T20:18:07.175+0800][15.077s][info][gc          ] GC(12) Pause Young (Mixed) (G1 Evacuation Pause) 546M->545M(686M) 65.264ms
[2025-10-27T20:18:07.175+0800][15.077s][info][gc,cpu      ] GC(12) User=0.29s Sys=0.04s Real=0.06s
[2025-10-27T20:18:09.063+0800][16.965s][info][gc,start    ] GC(13) Pause Young (Concurrent Start) (G1 Evacuation Pause)
[2025-10-27T20:18:09.063+0800][16.966s][info][gc,task     ] GC(13) Using 8 workers of 8 for evacuation
[2025-10-27T20:18:09.113+0800][17.015s][info][gc,phases   ] GC(13)   Pre Evacuate Collection Set: 0.41ms
[2025-10-27T20:18:09.113+0800][17.015s][info][gc,phases   ] GC(13)   Merge Heap Roots: 1.25ms
[2025-10-27T20:18:09.113+0800][17.015s][info][gc,phases   ] GC(13)   Evacuate Collection Set: 47.20ms
[2025-10-27T20:18:09.113+0800][17.015s][info][gc,phases   ] GC(13)   Post Evacuate Collection Set: 0.14ms
[2025-10-27T20:18:09.113+0800][17.015s][info][gc,phases   ] GC(13)   Other: 0.30ms
[2025-10-27T20:18:09.113+0800][17.015s][info][gc,heap     ] GC(13) Eden regions: 44->0(29)
[2025-10-27T20:18:09.113+0800][17.015s][info][gc,heap     ] GC(13) Survivor regions: 9->7(7)
[2025-10-27T20:18:09.113+0800][17.015s][info][gc,heap     ] GC(13) Old regions: 337->386
[2025-10-27T20:18:09.113+0800][17.015s][info][gc,heap     ] GC(13) Humongous regions: 199->199
[2025-10-27T20:18:09.113+0800][17.015s][info][gc,metaspace] GC(13) Metaspace: 6088K(6336K)->6088K(6336K) NonClass: 5578K(5696K)->5578K(5696K) Class: 510K(640K)->510K(640K)
[2025-10-27T20:18:09.113+0800][17.015s][info][gc          ] GC(13) Pause Young (Concurrent Start) (G1 Evacuation Pause) 589M->591M(686M) 49.960ms
[2025-10-27T20:18:09.113+0800][17.015s][info][gc,cpu      ] GC(13) User=0.18s Sys=0.00s Real=0.05s
[2025-10-27T20:18:09.113+0800][17.015s][info][gc          ] GC(14) Concurrent Mark Cycle
[2025-10-27T20:18:09.113+0800][17.015s][info][gc,marking  ] GC(14) Concurrent Scan Root Regions
[2025-10-27T20:18:09.129+0800][17.032s][info][gc,marking  ] GC(14) Concurrent Scan Root Regions 16.562ms
[2025-10-27T20:18:09.129+0800][17.032s][info][gc,marking  ] GC(14) Concurrent Mark
[2025-10-27T20:18:09.129+0800][17.032s][info][gc,marking  ] GC(14) Concurrent Mark From Roots
[2025-10-27T20:18:09.129+0800][17.032s][info][gc,task     ] GC(14) Using 2 workers of 2 for marking
[2025-10-27T20:18:09.388+0800][17.290s][info][gc,marking  ] GC(14) Concurrent Mark From Roots 258.310ms
[2025-10-27T20:18:09.388+0800][17.290s][info][gc,marking  ] GC(14) Concurrent Preclean
[2025-10-27T20:18:09.388+0800][17.290s][info][gc,marking  ] GC(14) Concurrent Preclean 0.030ms
[2025-10-27T20:18:09.388+0800][17.290s][info][gc,start    ] GC(14) Pause Remark
[2025-10-27T20:18:09.389+0800][17.291s][info][gc          ] GC(14) Pause Remark 598M->518M(854M) 0.916ms
[2025-10-27T20:18:09.389+0800][17.291s][info][gc,cpu      ] GC(14) User=0.00s Sys=0.00s Real=0.00s
[2025-10-27T20:18:09.389+0800][17.291s][info][gc,marking  ] GC(14) Concurrent Mark 259.404ms
[2025-10-27T20:18:09.389+0800][17.291s][info][gc,marking  ] GC(14) Concurrent Rebuild Remembered Sets and Scrub Regions
[2025-10-27T20:18:09.483+0800][17.385s][info][gc,marking  ] GC(14) Concurrent Rebuild Remembered Sets and Scrub Regions 94.258ms
[2025-10-27T20:18:09.483+0800][17.385s][info][gc,start    ] GC(14) Pause Cleanup
[2025-10-27T20:18:09.483+0800][17.386s][info][gc          ] GC(14) Pause Cleanup 520M->520M(854M) 0.040ms
[2025-10-27T20:18:09.483+0800][17.386s][info][gc,cpu      ] GC(14) User=0.00s Sys=0.00s Real=0.00s
[2025-10-27T20:18:09.483+0800][17.386s][info][gc,marking  ] GC(14) Concurrent Clear Claimed Marks
[2025-10-27T20:18:09.483+0800][17.386s][info][gc,marking  ] GC(14) Concurrent Clear Claimed Marks 0.013ms
[2025-10-27T20:18:09.483+0800][17.386s][info][gc,marking  ] GC(14) Concurrent Cleanup for Next Mark
[2025-10-27T20:18:09.484+0800][17.386s][info][gc,marking  ] GC(14) Concurrent Cleanup for Next Mark 0.762ms
[2025-10-27T20:18:09.484+0800][17.386s][info][gc          ] GC(14) Concurrent Mark Cycle 371.251ms
[2025-10-27T20:18:10.640+0800][18.543s][info][gc,start    ] GC(15) Pause Young (Prepare Mixed) (G1 Evacuation Pause)
[2025-10-27T20:18:10.641+0800][18.543s][info][gc,task     ] GC(15) Using 8 workers of 8 for evacuation
[2025-10-27T20:18:10.673+0800][18.575s][info][gc,phases   ] GC(15)   Pre Evacuate Collection Set: 0.42ms
[2025-10-27T20:18:10.673+0800][18.575s][info][gc,phases   ] GC(15)   Merge Heap Roots: 1.02ms
[2025-10-27T20:18:10.673+0800][18.575s][info][gc,phases   ] GC(15)   Evacuate Collection Set: 30.32ms
[2025-10-27T20:18:10.673+0800][18.575s][info][gc,phases   ] GC(15)   Post Evacuate Collection Set: 0.16ms
[2025-10-27T20:18:10.673+0800][18.575s][info][gc,phases   ] GC(15)   Other: 0.13ms
[2025-10-27T20:18:10.673+0800][18.575s][info][gc,heap     ] GC(15) Eden regions: 35->0(95)
[2025-10-27T20:18:10.673+0800][18.575s][info][gc,heap     ] GC(15) Survivor regions: 7->6(6)
[2025-10-27T20:18:10.673+0800][18.575s][info][gc,heap     ] GC(15) Old regions: 386->423
[2025-10-27T20:18:10.673+0800][18.575s][info][gc,heap     ] GC(15) Humongous regions: 119->119
[2025-10-27T20:18:10.673+0800][18.575s][info][gc,metaspace] GC(15) Metaspace: 6091K(6336K)->6091K(6336K) NonClass: 5581K(5696K)->5581K(5696K) Class: 510K(640K)->510K(640K)
[2025-10-27T20:18:10.673+0800][18.575s][info][gc          ] GC(15) Pause Young (Prepare Mixed) (G1 Evacuation Pause) 546M->548M(854M) 32.423ms
[2025-10-27T20:18:10.673+0800][18.575s][info][gc,cpu      ] GC(15) User=0.12s Sys=0.01s Real=0.03s
[2025-10-27T20:18:13.644+0800][21.546s][info][gc,start    ] GC(16) Pause Young (Mixed) (G1 Humongous Allocation)
[2025-10-27T20:18:13.644+0800][21.547s][info][gc,task     ] GC(16) Using 8 workers of 8 for evacuation
[2025-10-27T20:18:13.693+0800][21.595s][info][gc,phases   ] GC(16)   Pre Evacuate Collection Set: 0.22ms
[2025-10-27T20:18:13.693+0800][21.595s][info][gc,phases   ] GC(16)   Merge Heap Roots: 0.45ms
[2025-10-27T20:18:13.693+0800][21.595s][info][gc,phases   ] GC(16)   Evacuate Collection Set: 47.83ms
[2025-10-27T20:18:13.693+0800][21.595s][info][gc,phases   ] GC(16)   Post Evacuate Collection Set: 0.22ms
[2025-10-27T20:18:13.693+0800][21.595s][info][gc,phases   ] GC(16)   Other: 0.14ms
[2025-10-27T20:18:13.693+0800][21.595s][info][gc,heap     ] GC(16) Eden regions: 68->0(74)
[2025-10-27T20:18:13.693+0800][21.595s][info][gc,heap     ] GC(16) Survivor regions: 6->13(13)
[2025-10-27T20:18:13.693+0800][21.595s][info][gc,heap     ] GC(16) Old regions: 423->483
[2025-10-27T20:18:13.693+0800][21.595s][info][gc,heap     ] GC(16) Humongous regions: 119->119
[2025-10-27T20:18:13.693+0800][21.595s][info][gc,metaspace] GC(16) Metaspace: 6105K(6336K)->6105K(6336K) NonClass: 5594K(5696K)->5594K(5696K) Class: 510K(640K)->510K(640K)
[2025-10-27T20:18:13.693+0800][21.596s][info][gc          ] GC(16) Pause Young (Mixed) (G1 Humongous Allocation) 616M->614M(854M) 49.182ms
[2025-10-27T20:18:13.693+0800][21.596s][info][gc,cpu      ] GC(16) User=0.22s Sys=0.01s Real=0.05s
[2025-10-27T20:18:16.924+0800][24.827s][info][gc,start    ] GC(17) Pause Young (Concurrent Start) (G1 Evacuation Pause)
[2025-10-27T20:18:16.924+0800][24.827s][info][gc,task     ] GC(17) Using 8 workers of 8 for evacuation
[2025-10-27T20:18:16.971+0800][24.874s][info][gc,phases   ] GC(17)   Pre Evacuate Collection Set: 0.25ms
[2025-10-27T20:18:16.971+0800][24.874s][info][gc,phases   ] GC(17)   Merge Heap Roots: 0.30ms
[2025-10-27T20:18:16.971+0800][24.874s][info][gc,phases   ] GC(17)   Evacuate Collection Set: 46.49ms
[2025-10-27T20:18:16.971+0800][24.874s][info][gc,phases   ] GC(17)   Post Evacuate Collection Set: 0.15ms
[2025-10-27T20:18:16.972+0800][24.874s][info][gc,phases   ] GC(17)   Other: 0.09ms
[2025-10-27T20:18:16.972+0800][24.874s][info][gc,heap     ] GC(17) Eden regions: 74->0(37)
[2025-10-27T20:18:16.972+0800][24.874s][info][gc,heap     ] GC(17) Survivor regions: 13->11(11)
[2025-10-27T20:18:16.972+0800][24.874s][info][gc,heap     ] GC(17) Old regions: 483->560
[2025-10-27T20:18:16.972+0800][24.874s][info][gc,heap     ] GC(17) Humongous regions: 298->298
[2025-10-27T20:18:16.972+0800][24.874s][info][gc,metaspace] GC(17) Metaspace: 6144K(6400K)->6144K(6400K) NonClass: 5633K(5760K)->5633K(5760K) Class: 510K(640K)->510K(640K)
[2025-10-27T20:18:16.972+0800][24.874s][info][gc          ] GC(17) Pause Young (Concurrent Start) (G1 Evacuation Pause) 867M->869M(960M) 47.503ms
[2025-10-27T20:18:16.972+0800][24.874s][info][gc,cpu      ] GC(17) User=0.29s Sys=0.02s Real=0.05s
[2025-10-27T20:18:16.972+0800][24.874s][info][gc          ] GC(18) Concurrent Mark Cycle
[2025-10-27T20:18:16.972+0800][24.874s][info][gc,marking  ] GC(18) Concurrent Scan Root Regions
[2025-10-27T20:18:16.995+0800][24.898s][info][gc,marking  ] GC(18) Concurrent Scan Root Regions 23.831ms
[2025-10-27T20:18:16.995+0800][24.898s][info][gc,marking  ] GC(18) Concurrent Mark
[2025-10-27T20:18:16.995+0800][24.898s][info][gc,marking  ] GC(18) Concurrent Mark From Roots
[2025-10-27T20:18:16.996+0800][24.898s][info][gc,task     ] GC(18) Using 2 workers of 2 for marking
[2025-10-27T20:18:17.395+0800][25.297s][info][gc,marking  ] GC(18) Concurrent Mark From Roots 399.143ms
[2025-10-27T20:18:17.395+0800][25.297s][info][gc,marking  ] GC(18) Concurrent Preclean
[2025-10-27T20:18:17.395+0800][25.297s][info][gc,marking  ] GC(18) Concurrent Preclean 0.028ms
[2025-10-27T20:18:17.395+0800][25.297s][info][gc,start    ] GC(18) Pause Remark
[2025-10-27T20:18:17.396+0800][25.298s][info][gc          ] GC(18) Pause Remark 878M->759M(1024M) 0.769ms
[2025-10-27T20:18:17.396+0800][25.298s][info][gc,cpu      ] GC(18) User=0.01s Sys=0.00s Real=0.00s
[2025-10-27T20:18:17.396+0800][25.298s][info][gc,marking  ] GC(18) Concurrent Mark 400.065ms
[2025-10-27T20:18:17.396+0800][25.298s][info][gc,marking  ] GC(18) Concurrent Rebuild Remembered Sets and Scrub Regions
[2025-10-27T20:18:17.536+0800][25.438s][info][gc,marking  ] GC(18) Concurrent Rebuild Remembered Sets and Scrub Regions 140.252ms
[2025-10-27T20:18:17.536+0800][25.438s][info][gc,start    ] GC(18) Pause Cleanup
[2025-10-27T20:18:17.536+0800][25.438s][info][gc          ] GC(18) Pause Cleanup 763M->763M(1024M) 0.041ms
[2025-10-27T20:18:17.536+0800][25.438s][info][gc,cpu      ] GC(18) User=0.00s Sys=0.00s Real=0.00s
[2025-10-27T20:18:17.536+0800][25.438s][info][gc,marking  ] GC(18) Concurrent Clear Claimed Marks
[2025-10-27T20:18:17.536+0800][25.438s][info][gc,marking  ] GC(18) Concurrent Clear Claimed Marks 0.020ms
[2025-10-27T20:18:17.536+0800][25.438s][info][gc,marking  ] GC(18) Concurrent Cleanup for Next Mark
[2025-10-27T20:18:17.537+0800][25.439s][info][gc,marking  ] GC(18) Concurrent Cleanup for Next Mark 0.801ms
[2025-10-27T20:18:17.537+0800][25.439s][info][gc          ] GC(18) Concurrent Mark Cycle 565.203ms
[2025-10-27T20:18:18.692+0800][26.594s][info][gc,start    ] GC(19) Pause Young (Prepare Mixed) (G1 Evacuation Pause)
[2025-10-27T20:18:18.692+0800][26.594s][info][gc,task     ] GC(19) Using 8 workers of 8 for evacuation
[2025-10-27T20:18:18.729+0800][26.632s][info][gc,phases   ] GC(19)   Pre Evacuate Collection Set: 0.25ms
[2025-10-27T20:18:18.729+0800][26.632s][info][gc,phases   ] GC(19)   Merge Heap Roots: 0.49ms
[2025-10-27T20:18:18.729+0800][26.632s][info][gc,phases   ] GC(19)   Evacuate Collection Set: 36.30ms
[2025-10-27T20:18:18.729+0800][26.632s][info][gc,phases   ] GC(19)   Post Evacuate Collection Set: 0.19ms
[2025-10-27T20:18:18.729+0800][26.632s][info][gc,phases   ] GC(19)   Other: 0.11ms
[2025-10-27T20:18:18.729+0800][26.632s][info][gc,heap     ] GC(19) Eden regions: 40->0(72)
[2025-10-27T20:18:18.729+0800][26.632s][info][gc,heap     ] GC(19) Survivor regions: 11->7(7)
[2025-10-27T20:18:18.729+0800][26.632s][info][gc,heap     ] GC(19) Old regions: 560->606
[2025-10-27T20:18:18.729+0800][26.632s][info][gc,heap     ] GC(19) Humongous regions: 179->179
[2025-10-27T20:18:18.729+0800][26.632s][info][gc,metaspace] GC(19) Metaspace: 6149K(6400K)->6149K(6400K) NonClass: 5638K(5760K)->5638K(5760K) Class: 510K(640K)->510K(640K)
[2025-10-27T20:18:18.729+0800][26.632s][info][gc          ] GC(19) Pause Young (Prepare Mixed) (G1 Evacuation Pause) 790M->791M(1024M) 37.576ms
[2025-10-27T20:18:18.729+0800][26.632s][info][gc,cpu      ] GC(19) User=0.12s Sys=0.03s Real=0.03s
[2025-10-27T20:18:21.810+0800][29.713s][info][gc,start    ] GC(20) Pause Young (Mixed) (G1 Evacuation Pause)
[2025-10-27T20:18:21.811+0800][29.713s][info][gc,task     ] GC(20) Using 8 workers of 8 for evacuation
[2025-10-27T20:18:21.877+0800][29.779s][info][gc,phases   ] GC(20)   Pre Evacuate Collection Set: 0.35ms
[2025-10-27T20:18:21.877+0800][29.780s][info][gc,phases   ] GC(20)   Merge Heap Roots: 0.73ms
[2025-10-27T20:18:21.877+0800][29.780s][info][gc,phases   ] GC(20)   Evacuate Collection Set: 64.85ms
[2025-10-27T20:18:21.877+0800][29.780s][info][gc,phases   ] GC(20)   Post Evacuate Collection Set: 0.23ms
[2025-10-27T20:18:21.877+0800][29.780s][info][gc,phases   ] GC(20)   Other: 0.17ms
[2025-10-27T20:18:21.877+0800][29.780s][info][gc,heap     ] GC(20) Eden regions: 72->0(50)
[2025-10-27T20:18:21.877+0800][29.780s][info][gc,heap     ] GC(20) Survivor regions: 7->10(10)
[2025-10-27T20:18:21.877+0800][29.780s][info][gc,heap     ] GC(20) Old regions: 606->672
[2025-10-27T20:18:21.877+0800][29.780s][info][gc,heap     ] GC(20) Humongous regions: 179->179
[2025-10-27T20:18:21.877+0800][29.780s][info][gc,metaspace] GC(20) Metaspace: 6170K(6400K)->6170K(6400K) NonClass: 5659K(5760K)->5659K(5760K) Class: 510K(640K)->510K(640K)
[2025-10-27T20:18:21.877+0800][29.780s][info][gc          ] GC(20) Pause Young (Mixed) (G1 Evacuation Pause) 863M->860M(1024M) 66.735ms
[2025-10-27T20:18:21.877+0800][29.780s][info][gc,cpu      ] GC(20) User=0.32s Sys=0.05s Real=0.06s
[2025-10-27T20:18:24.026+0800][31.929s][info][gc,start    ] GC(21) Pause Young (Concurrent Start) (G1 Evacuation Pause)
[2025-10-27T20:18:24.026+0800][31.929s][info][gc,task     ] GC(21) Using 8 workers of 8 for evacuation
[2025-10-27T20:18:24.067+0800][31.970s][info][gc,phases   ] GC(21)   Pre Evacuate Collection Set: 0.50ms
[2025-10-27T20:18:24.067+0800][31.970s][info][gc,phases   ] GC(21)   Merge Heap Roots: 0.65ms
[2025-10-27T20:18:24.067+0800][31.970s][info][gc,phases   ] GC(21)   Evacuate Collection Set: 39.27ms
[2025-10-27T20:18:24.067+0800][31.970s][info][gc,phases   ] GC(21)   Post Evacuate Collection Set: 0.19ms
[2025-10-27T20:18:24.067+0800][31.970s][info][gc,phases   ] GC(21)   Other: 0.13ms
[2025-10-27T20:18:24.067+0800][31.970s][info][gc,heap     ] GC(21) Eden regions: 50->0(43)
[2025-10-27T20:18:24.067+0800][31.970s][info][gc,heap     ] GC(21) Survivor regions: 10->8(8)
[2025-10-27T20:18:24.067+0800][31.970s][info][gc,heap     ] GC(21) Old regions: 672->725
[2025-10-27T20:18:24.067+0800][31.970s][info][gc,heap     ] GC(21) Humongous regions: 179->179
[2025-10-27T20:18:24.067+0800][31.970s][info][gc,metaspace] GC(21) Metaspace: 6177K(6400K)->6177K(6400K) NonClass: 5666K(5760K)->5666K(5760K) Class: 510K(640K)->510K(640K)
[2025-10-27T20:18:24.067+0800][31.970s][info][gc          ] GC(21) Pause Young (Concurrent Start) (G1 Evacuation Pause) 910M->912M(1024M) 41.206ms
[2025-10-27T20:18:24.067+0800][31.970s][info][gc,cpu      ] GC(21) User=0.21s Sys=0.01s Real=0.04s
[2025-10-27T20:18:24.067+0800][31.970s][info][gc          ] GC(22) Concurrent Mark Cycle
[2025-10-27T20:18:24.067+0800][31.970s][info][gc,marking  ] GC(22) Concurrent Scan Root Regions
[2025-10-27T20:18:24.091+0800][31.993s][info][gc,marking  ] GC(22) Concurrent Scan Root Regions 23.554ms
[2025-10-27T20:18:24.091+0800][31.994s][info][gc,marking  ] GC(22) Concurrent Mark
[2025-10-27T20:18:24.091+0800][31.994s][info][gc,marking  ] GC(22) Concurrent Mark From Roots
[2025-10-27T20:18:24.091+0800][31.994s][info][gc,task     ] GC(22) Using 2 workers of 2 for marking
[2025-10-27T20:18:24.201+0800][32.103s][info][gc,start    ] GC(23) Pause Young (Normal) (G1 Humongous Allocation)
[2025-10-27T20:18:24.201+0800][32.103s][info][gc,task     ] GC(23) Using 8 workers of 8 for evacuation
[2025-10-27T20:18:24.205+0800][32.107s][info][gc,phases   ] GC(23)   Pre Evacuate Collection Set: 0.11ms
[2025-10-27T20:18:24.205+0800][32.107s][info][gc,phases   ] GC(23)   Merge Heap Roots: 0.04ms
[2025-10-27T20:18:24.205+0800][32.107s][info][gc,phases   ] GC(23)   Evacuate Collection Set: 3.65ms
[2025-10-27T20:18:24.205+0800][32.107s][info][gc,phases   ] GC(23)   Post Evacuate Collection Set: 0.13ms
[2025-10-27T20:18:24.205+0800][32.107s][info][gc,phases   ] GC(23)   Other: 0.05ms
[2025-10-27T20:18:24.205+0800][32.107s][info][gc,heap     ] GC(23) Eden regions: 4->0(47)
[2025-10-27T20:18:24.205+0800][32.107s][info][gc,heap     ] GC(23) Survivor regions: 8->4(7)
[2025-10-27T20:18:24.205+0800][32.107s][info][gc,heap     ] GC(23) Old regions: 725->735
[2025-10-27T20:18:24.205+0800][32.107s][info][gc,heap     ] GC(23) Humongous regions: 179->179
[2025-10-27T20:18:24.205+0800][32.108s][info][gc,metaspace] GC(23) Metaspace: 6177K(6400K)->6177K(6400K) NonClass: 5666K(5760K)->5666K(5760K) Class: 510K(640K)->510K(640K)
[2025-10-27T20:18:24.205+0800][32.108s][info][gc          ] GC(23) Pause Young (Normal) (G1 Humongous Allocation) 915M->918M(1024M) 4.136ms
[2025-10-27T20:18:24.205+0800][32.108s][info][gc,cpu      ] GC(23) User=0.03s Sys=0.00s Real=0.00s
[2025-10-27T20:18:24.205+0800][32.108s][info][gc,ergo     ] Attempting full compaction
[2025-10-27T20:18:24.205+0800][32.108s][info][gc,start    ] GC(24) Pause Full (G1 Compaction Pause)
[2025-10-27T20:18:24.205+0800][32.108s][info][gc,task     ] GC(24) Using 8 workers of 8 for full compaction
[2025-10-27T20:18:24.206+0800][32.109s][info][gc,phases,start] GC(24) Phase 1: Mark live objects
[2025-10-27T20:18:24.366+0800][32.269s][info][gc,phases      ] GC(24) Phase 1: Mark live objects 160.149ms
[2025-10-27T20:18:24.366+0800][32.269s][info][gc,phases,start] GC(24) Phase 2: Prepare compaction
[2025-10-27T20:18:24.374+0800][32.277s][info][gc,phases      ] GC(24) Phase 2: Prepare compaction 7.910ms
[2025-10-27T20:18:24.374+0800][32.277s][info][gc,phases,start] GC(24) Phase 3: Adjust pointers
[2025-10-27T20:18:24.424+0800][32.327s][info][gc,phases      ] GC(24) Phase 3: Adjust pointers 49.953ms
[2025-10-27T20:18:24.424+0800][32.327s][info][gc,phases,start] GC(24) Phase 4: Compact heap
[2025-10-27T20:18:24.432+0800][32.334s][info][gc,phases      ] GC(24) Phase 4: Compact heap 7.248ms
[2025-10-27T20:18:24.432+0800][32.334s][info][gc,phases,start] GC(24) Phase 5: Reset Metadata
[2025-10-27T20:18:24.468+0800][32.371s][info][gc,phases      ] GC(24) Phase 5: Reset Metadata 36.613ms
[2025-10-27T20:18:24.469+0800][32.372s][info][gc,heap        ] GC(24) Eden regions: 0->0(51)
[2025-10-27T20:18:24.469+0800][32.372s][info][gc,heap        ] GC(24) Survivor regions: 4->0(7)
[2025-10-27T20:18:24.469+0800][32.372s][info][gc,heap        ] GC(24) Old regions: 735->720
[2025-10-27T20:18:24.469+0800][32.372s][info][gc,heap        ] GC(24) Humongous regions: 179->179
[2025-10-27T20:18:24.469+0800][32.372s][info][gc,metaspace   ] GC(24) Metaspace: 6177K(6400K)->6177K(6400K) NonClass: 5666K(5760K)->5666K(5760K) Class: 510K(640K)->510K(640K)
[2025-10-27T20:18:24.469+0800][32.372s][info][gc             ] GC(24) Pause Full (G1 Compaction Pause) 918M->895M(1024M) 264.247ms
[2025-10-27T20:18:24.469+0800][32.372s][info][gc,cpu         ] GC(24) User=1.53s Sys=0.11s Real=0.26s
[2025-10-27T20:18:24.469+0800][32.372s][info][gc,ergo        ] Attempting maximal full compaction clearing soft references
[2025-10-27T20:18:24.469+0800][32.372s][info][gc,start       ] GC(25) Pause Full (G1 Compaction Pause)
[2025-10-27T20:18:24.469+0800][32.372s][info][gc,task        ] GC(25) Using 8 workers of 8 for full compaction
[2025-10-27T20:18:24.470+0800][32.372s][info][gc,phases,start] GC(25) Phase 1: Mark live objects
[2025-10-27T20:18:24.604+0800][32.506s][info][gc,phases      ] GC(25) Phase 1: Mark live objects 133.834ms
[2025-10-27T20:18:24.604+0800][32.506s][info][gc,phases,start] GC(25) Phase 2: Prepare compaction
[2025-10-27T20:18:24.690+0800][32.592s][info][gc,phases      ] GC(25) Phase 2: Prepare compaction 86.023ms
[2025-10-27T20:18:24.690+0800][32.592s][info][gc,phases,start] GC(25) Phase 3: Adjust pointers
[2025-10-27T20:18:24.752+0800][32.654s][info][gc,phases      ] GC(25) Phase 3: Adjust pointers 62.072ms
[2025-10-27T20:18:24.752+0800][32.654s][info][gc,phases,start] GC(25) Phase 4: Compact heap
[2025-10-27T20:18:24.835+0800][32.738s][info][gc,phases      ] GC(25) Phase 4: Compact heap 83.408ms
[2025-10-27T20:18:24.835+0800][32.738s][info][gc,phases,start] GC(25) Phase 5: Reset Metadata
[2025-10-27T20:18:24.835+0800][32.738s][info][gc,phases      ] GC(25) Phase 5: Reset Metadata 0.165ms
[2025-10-27T20:18:24.836+0800][32.739s][info][gc,heap        ] GC(25) Eden regions: 0->0(51)
[2025-10-27T20:18:24.836+0800][32.739s][info][gc,heap        ] GC(25) Survivor regions: 0->0(7)
[2025-10-27T20:18:24.836+0800][32.739s][info][gc,heap        ] GC(25) Old regions: 720->716
[2025-10-27T20:18:24.836+0800][32.739s][info][gc,heap        ] GC(25) Humongous regions: 179->179
[2025-10-27T20:18:24.836+0800][32.739s][info][gc,metaspace   ] GC(25) Metaspace: 6177K(6400K)->6125K(6400K) NonClass: 5666K(5760K)->5629K(5760K) Class: 510K(640K)->496K(640K)
[2025-10-27T20:18:24.836+0800][32.739s][info][gc             ] GC(25) Pause Full (G1 Compaction Pause) 895M->894M(1024M) 367.121ms
[2025-10-27T20:18:24.836+0800][32.739s][info][gc,cpu         ] GC(25) User=2.20s Sys=0.07s Real=0.37s
[2025-10-27T20:18:24.836+0800][32.739s][info][gc,marking     ] GC(22) Concurrent Mark From Roots 745.452ms
[2025-10-27T20:18:24.836+0800][32.739s][info][gc,marking     ] GC(22) Concurrent Mark Abort
[2025-10-27T20:18:24.837+0800][32.739s][info][gc             ] GC(22) Concurrent Mark Cycle 769.135ms
[2025-10-27T20:18:24.837+0800][32.740s][info][gc,exit        ] Heap
[2025-10-27T20:18:24.837+0800][32.740s][info][gc,exit        ]  garbage-first heap   total reserved 1048576K, committed 1048576K, used 917227K [0x00000007c0000000, 0x0000000800000000)
[2025-10-27T20:18:24.837+0800][32.740s][info][gc,exit        ]   region size 1024K, 1 young (1024K), 0 survivors (0K)
[2025-10-27T20:18:24.837+0800][32.740s][info][gc,exit        ]  Metaspace       used 6129K, committed 6400K, reserved 1114112K
[2025-10-27T20:18:24.837+0800][32.740s][info][gc,exit        ]   class space    used 496K, committed 640K, reserved 1048576K