CommandLine flags: -XX:InitialHeapSize=268435456 -XX:MaxHeapSize=1073741824 -XX:+PrintGC -XX:+PrintGCTimeStamps -XX:+UseCompressedClassPointers -XX:+UseCompressedOops -XX:+UseParallelGC
2.290: [GC (Allocation Failure)  65536K->34914K(251392K), 0.0559985 secs]
5.410: [GC (Allocation Failure)  100450K->80784K(316928K), 0.1134328 secs]
11.166: [GC (Allocation Failure)  211856K->185415K(316928K), 0.1732341 secs]
11.339: [Full GC (Ergonomics)  185415K->169085K(546816K), 1.9060012 secs]
19.491: [GC (Allocation Failure)  300157K->298640K(568832K), 0.2013591 secs]
19.693: [Full GC (Ergonomics)  298640K->262431K(803328K), 2.5071834 secs]
28.612: [GC (Allocation Failure)  415519K->412115K(822784K), 0.3348727 secs]
33.179: [GC (Allocation Failure)  584659K->583793K(832512K), 0.2587045 secs]
33.438: [Full GC (Ergonomics)  583793K->448206K(892416K), 3.7598102 secs]
46.804: [GC (Allocation Failure)  564942K->564246K(932352K), 0.5096747 secs]
57.082: [Full GC (Ergonomics)  863511K->741214K(932352K), 5.8223044 secs]
72.471: [Full GC (Ergonomics)  857950K->856629K(932352K), 6.1987243 secs]
78.670: [Full GC (Ergonomics)  856926K->856635K(932352K), 6.9314080 secs]
85.601: [Full GC (Ergonomics)  856926K->856650K(932352K), 6.2785078 secs]
91.880: [Full GC (Ergonomics)  856926K->856666K(932352K), 7.2641043 secs]
99.144: [Full GC (Ergonomics)  856926K->856666K(932352K), 7.2206926 secs]
106.365: [Full GC (Ergonomics)  856925K->856682K(932352K), 7.0134282 secs]
113.379: [Full GC (Ergonomics)  856925K->856700K(932352K), 6.4891092 secs]
119.882: [Full GC (Ergonomics)