OpenJDK 64-Bit Server VM (25.442-b06) for bsd-aarch64 JRE (Zulu 8.84.0.15-CA-macos-aarch64) (1.8.0_442-b06), built on Jan  7 2025 06:34:05 by "zulu_re" with gcc Apple LLVM 12.0.0 (clang-1200.0.32.28)
Memory: 16k page, physical 16777216k(707632k free)

/proc/meminfo:

CommandLine flags: -XX:InitialHeapSize=268435456 -XX:MaxHeapSize=1073741824 -XX:+PrintGC -XX:+PrintGCTimeStamps -XX:+UseCompressedClassPointers -XX:+UseCompressedOops -XX:+UseG1GC
0.833: [GC pause (G1 Evacuation Pause) (young) 30773K->19437K(256M), 0.0425205 secs]
1.677: [GC pause (G1 Evacuation Pause) (young) 41547K->43667K(256M), 0.0381197 secs]
2.546: [GC pause (G1 Evacuation Pause) (young) 64590K->67150K(256M), 0.0541277 secs]
3.443: [GC pause (G1 Evacuation Pause) (young) 77390K->78926K(256M), 0.0213833 secs]
4.301: [GC pause (G1 Evacuation Pause) (young) 102M->105M(256M), 0.0356216 secs]
5.157: [GC pause (G1 Evacuation Pause) (young) 115M->117M(256M), 0.0404553 secs]
5.537: [GC pause (G1 Humongous Allocation) (young) (initial-mark) 121M->124M(256M), 0.0201569 secs]
5.557: [GC concurrent-root-region-scan-start]
5.558: [GC concurrent-root-region-scan-end, 0.0010792 secs]
5.558: [GC concurrent-mark-start]
5.630: [GC concurrent-mark-end, 0.0721281 secs]
5.630: [GC remark, 0.0012142 secs]
5.631: [GC cleanup 148M->118M(256M), 0.0002993 secs]
5.632: [GC concurrent-cleanup-start]
5.632: [GC concurrent-cleanup-end, 0.0000069 secs]
6.509: [GC pause (G1 Evacuation Pause) (young) 129M->131M(256M), 0.0358138 secs]
7.392: [GC pause (G1 Evacuation Pause) (mixed) 141M->142M(256M), 0.0381567 secs]
8.308: [GC pause (G1 Humongous Allocation) (young) (initial-mark) 152M->154M(256M), 0.0369597 secs]
8.345: [GC concurrent-root-region-scan-start]
8.347: [GC concurrent-root-region-scan-end, 0.0012008 secs]
8.347: [GC concurrent-mark-start]
8.425: [GC concurrent-mark-end, 0.0780390 secs]
8.425: [GC remark, 0.0013330 secs]
8.426: [GC cleanup 189M->174M(256M), 0.0002733 secs]
8.426: [GC concurrent-cleanup-start]
8.426: [GC concurrent-cleanup-end, 0.0000040 secs]
9.299: [GC pause (G1 Evacuation Pause) (young) 184M->186M(256M), 0.0353926 secs]
10.176: [GC pause (G1 Evacuation Pause) (mixed) 196M->192M(256M), 0.0213353 secs]
11.036: [GC pause (G1 Evacuation Pause) (mixed) 202M->204M(256M), 0.0284060 secs]
12.082: [GC pause (G1 Evacuation Pause) (young) 216M->217M(256M), 0.0438983 secs]
12.478: [GC pause (G1 Humongous Allocation) (young) (initial-mark) 221M->224M(256M), 0.0256680 secs]
12.504: [GC concurrent-root-region-scan-start]
12.505: [GC concurrent-root-region-scan-end, 0.0007242 secs]
12.505: [GC concurrent-mark-start]
12.620: [GC concurrent-mark-end, 0.1150158 secs]
12.620: [GC remark, 0.0014122 secs]
12.621: [GC cleanup 278M->255M(309M), 0.0002661 secs]
12.622: [GC concurrent-cleanup-start]
12.622: [GC concurrent-cleanup-end, 0.0000049 secs]
13.358: [GC pause (G1 Evacuation Pause) (young) 264M->265M(309M), 0.0305138 secs]
14.470: [GC pause (G1 Evacuation Pause) (mixed) 278M->275M(309M), 0.0491725 secs]
15.616: [GC pause (G1 Evacuation Pause) (young) 288M->290M(309M), 0.0548239 secs]
16.793: [GC pause (G1 Evacuation Pause) (young) (initial-mark) 303M->304M(321M), 0.0481016 secs]
16.841: [GC concurrent-root-region-scan-start]
16.842: [GC concurrent-root-region-scan-end, 0.0006870 secs]
16.842: [GC concurrent-mark-start]
16.971: [GC concurrent-mark-end, 0.1288600 secs]
16.971: [GC remark, 0.0015894 secs]
16.972: [GC cleanup 306M->271M(321M), 0.0003173 secs]
16.973: [GC concurrent-cleanup-start]
16.973: [GC concurrent-cleanup-end, 0.0000061 secs]
18.047: [GC pause (G1 Evacuation Pause) (young) 283M->285M(321M), 0.0369323 secs]
19.655: [GC pause (G1 Evacuation Pause) (mixed) 382M->382M(408M), 0.0714642 secs]
21.166: [GC pause (G1 Evacuation Pause) (young) 399M->400M(422M), 0.0419756 secs]
22.742: [GC pause (G1 Evacuation Pause) (young) (initial-mark) 418M->421M(443M), 0.0542118 secs]
22.797: [GC concurrent-root-region-scan-start]
22.798: [GC concurrent-root-region-scan-end, 0.0011258 secs]
22.798: [GC concurrent-mark-start]
22.989: [GC concurrent-mark-end, 0.1912545 secs]
22.989: [GC remark, 0.0028414 secs]
22.992: [GC cleanup 423M->370M(443M), 0.0003859 secs]
22.992: [GC concurrent-cleanup-start]
22.992: [GC concurrent-cleanup-end, 0.0000087 secs]
24.401: [GC pause (G1 Evacuation Pause) (young) 387M->388M(443M), 0.0302435 secs]
26.006: [GC pause (G1 Evacuation Pause) (mixed) 407M->404M(443M), 0.0500873 secs]
27.657: [GC pause (G1 Evacuation Pause) (young) 423M->425M(448M), 0.0389468 secs]
28.007: [GC pause (G1 Humongous Allocation) (young) (initial-mark) 428M->432M(448M), 0.0349781 secs]
28.042: [GC concurrent-root-region-scan-start]
28.043: [GC concurrent-root-region-scan-end, 0.0013053 secs]
28.043: [GC concurrent-mark-start]
28.270: [GC concurrent-mark-end, 0.2262086 secs]
28.270: [GC remark, 0.0018090 secs]
28.272: [GC cleanup 553M->553M(567M), 0.0004180 secs]
29.445: [GC pause (G1 Evacuation Pause) (young) 566M->567M(587M), 0.0295975 secs]
31.025: [GC pause (G1 Evacuation Pause) (mixed) 585M->586M(609M), 0.0322374 secs]
32.946: [GC pause (G1 Evacuation Pause) (young) 608M->610M(638M), 0.0542575 secs]
35.182: [GC pause (G1 Evacuation Pause) (young) (initial-mark) 636M->638M(670M), 0.0597263 secs]
35.242: [GC concurrent-root-region-scan-start]
35.243: [GC concurrent-root-region-scan-end, 0.0015087 secs]
35.243: [GC concurrent-mark-start]
35.588: [GC concurrent-mark-end, 0.3449435 secs]
35.588: [GC remark, 0.0029112 secs]
35.591: [GC cleanup 643M->563M(670M), 0.0004753 secs]
35.592: [GC concurrent-cleanup-start]
35.592: [GC concurrent-cleanup-end, 0.0000164 secs]
37.686: [GC pause (G1 Evacuation Pause) (young) 588M->590M(670M), 0.0780641 secs]
40.165: [GC pause (G1 Evacuation Pause) (mixed) 618M->616M(670M), 0.0686290 secs]
42.016: [GC pause (G1 Humongous Allocation) (young) (initial-mark) 637M->639M(670M), 0.0652018 secs]
42.081: [GC concurrent-root-region-scan-start]
42.084: [GC concurrent-root-region-scan-end, 0.0028249 secs]
42.084: [GC concurrent-mark-start]
42.452: [GC concurrent-mark-end, 0.3685805 secs]
42.452: [GC remark, 0.0022553 secs]
42.455: [GC cleanup 820M->820M(849M), 0.0004909 secs]
45.022: [GC pause (G1 Evacuation Pause) (young) 847M->849M(886M), 0.0731706 secs]
48.089: [GC pause (G1 Evacuation Pause) (young) 884M->887M(929M), 0.0795365 secs]
51.587: [GC pause (G1 Evacuation Pause) (young) (initial-mark) 927M->929M(976M), 0.0768225 secs]
51.664: [GC concurrent-root-region-scan-start]
51.666: [GC concurrent-root-region-scan-end, 0.0022550 secs]
51.666: [GC concurrent-mark-start]
52.236: [GC concurrent-mark-end, 0.5699803 secs]
52.236: [GC remark, 0.0035752 secs]
52.240: [GC cleanup 936M->817M(976M), 0.0008905 secs]
52.241: [GC concurrent-cleanup-start]
52.241: [GC concurrent-cleanup-end, 0.0001645 secs]
55.267: [GC pause (G1 Evacuation Pause) (young) 852M->853M(976M), 0.0814232 secs]
59.028: [GC pause (G1 Evacuation Pause) (young) 895M->897M(976M), 0.1238258 secs]
62.755: [GC pause (G1 Evacuation Pause) (young) (initial-mark) 939M->941M(991M), 0.0674239 secs]
62.823: [GC concurrent-root-region-scan-start]
62.825: [GC concurrent-root-region-scan-end, 0.0017024 secs]
62.825: [GC concurrent-mark-start]
63.455: [GC pause (G1 Humongous Allocation) (young) 949M->953M(991M), 0.0188704 secs]
63.475: [Full GC (Allocation Failure)  953M->893M(1024M), 1.7124852 secs]
65.187: [Full GC (Allocation Failure)  893M->892M(1024M), 1.5969271 secs]
66.784: [GC concurrent-mark-abort]