OpenJDK 64-Bit Server VM (25.442-b06) for bsd-aarch64 JRE (Zulu 8.84.0.15-CA-macos-aarch64) (1.8.0_442-b06), built on Jan  7 2025 06:34:05 by "zulu_re" with gcc Apple LLVM 12.0.0 (clang-1200.0.32.28)
Memory: 16k page, physical 16777216k(87024k free)

/proc/meminfo:

CommandLine flags: -XX:InitialHeapSize=268435456 -XX:MaxHeapSize=1073741824 -XX:+PrintGC -XX:+PrintGCDateStamps -XX:+PrintGCTimeStamps -XX:+UseCompressedClassPointers -XX:+UseCompressedOops -XX:+UseG1GC
2025-10-27T20:00:41.542+0800: 0.907: [GC pause (G1 Evacuation Pause) (young) 29749K->19465K(256M), 0.0368224 secs]
2025-10-27T20:00:42.416+0800: 1.781: [GC pause (G1 Evacuation Pause) (young) 41575K->43155K(256M), 0.0536005 secs]
2025-10-27T20:00:43.344+0800: 2.710: [GC pause (G1 Evacuation Pause) (young) 64078K->66126K(256M), 0.0398939 secs]
2025-10-27T20:00:44.242+0800: 3.607: [GC pause (G1 Evacuation Pause) (young) 76366K->78414K(256M), 0.0228109 secs]
2025-10-27T20:00:45.167+0800: 4.532: [GC pause (G1 Evacuation Pause) (young) 102M->104M(256M), 0.0175111 secs]
2025-10-27T20:00:46.107+0800: 5.473: [GC pause (G1 Evacuation Pause) (young) 115M->118M(256M), 0.0383575 secs]
2025-10-27T20:00:46.404+0800: 5.769: [GC pause (G1 Humongous Allocation) (young) (initial-mark) 121M->123M(256M), 0.0271219 secs]
2025-10-27T20:00:46.431+0800: 5.796: [GC concurrent-root-region-scan-start]
2025-10-27T20:00:46.432+0800: 5.797: [GC concurrent-root-region-scan-end, 0.0011437 secs]
2025-10-27T20:00:46.432+0800: 5.797: [GC concurrent-mark-start]
2025-10-27T20:00:46.510+0800: 5.875: [GC concurrent-mark-end, 0.0780715 secs]
2025-10-27T20:00:46.510+0800: 5.875: [GC remark, 0.0026013 secs]
2025-10-27T20:00:46.513+0800: 5.878: [GC cleanup 148M->118M(256M), 0.0003034 secs]
2025-10-27T20:00:46.513+0800: 5.878: [GC concurrent-cleanup-start]
2025-10-27T20:00:46.513+0800: 5.878: [GC concurrent-cleanup-end, 0.0000085 secs]
2025-10-27T20:00:47.460+0800: 6.825: [GC pause (G1 Evacuation Pause) (young) 129M->131M(256M), 0.0309563 secs]
2025-10-27T20:00:48.495+0800: 7.860: [GC pause (G1 Evacuation Pause) (young) 143M->145M(256M), 0.0354146 secs]
2025-10-27T20:00:49.165+0800: 8.530: [GC pause (G1 Humongous Allocation) (young) (initial-mark) 152M->154M(256M), 0.0292900 secs]
2025-10-27T20:00:49.194+0800: 8.559: [GC concurrent-root-region-scan-start]
2025-10-27T20:00:49.195+0800: 8.560: [GC concurrent-root-region-scan-end, 0.0007125 secs]
2025-10-27T20:00:49.195+0800: 8.560: [GC concurrent-mark-start]
2025-10-27T20:00:49.276+0800: 8.641: [GC concurrent-mark-end, 0.0809348 secs]
2025-10-27T20:00:49.276+0800: 8.641: [GC remark, 0.0014010 secs]
2025-10-27T20:00:49.277+0800: 8.643: [GC cleanup 190M->175M(256M), 0.0002827 secs]
2025-10-27T20:00:49.278+0800: 8.643: [GC concurrent-cleanup-start]
2025-10-27T20:00:49.278+0800: 8.643: [GC concurrent-cleanup-end, 0.0000051 secs]
2025-10-27T20:00:50.226+0800: 9.591: [GC pause (G1 Evacuation Pause) (young) 186M->188M(256M), 0.0313787 secs]
2025-10-27T20:00:51.100+0800: 10.465: [GC pause (G1 Evacuation Pause) (mixed) 198M->194M(256M), 0.0346524 secs]
2025-10-27T20:00:52.577+0800: 11.942: [GC pause (G1 Evacuation Pause) (young) 211M->213M(256M), 0.0425973 secs]
2025-10-27T20:00:53.337+0800: 12.703: [GC pause (G1 Humongous Allocation) (young) (initial-mark) 222M->223M(256M), 0.0157207 secs]
2025-10-27T20:00:53.353+0800: 12.719: [GC concurrent-root-region-scan-start]
2025-10-27T20:00:53.354+0800: 12.719: [GC concurrent-root-region-scan-end, 0.0008715 secs]
2025-10-27T20:00:53.354+0800: 12.719: [GC concurrent-mark-start]
2025-10-27T20:00:53.461+0800: 12.826: [GC concurrent-mark-end, 0.1068844 secs]
2025-10-27T20:00:53.461+0800: 12.826: [GC remark, 0.0016781 secs]
2025-10-27T20:00:53.463+0800: 12.828: [GC cleanup 277M->253M(309M), 0.0002642 secs]
2025-10-27T20:00:53.463+0800: 12.828: [GC concurrent-cleanup-start]
2025-10-27T20:00:53.463+0800: 12.828: [GC concurrent-cleanup-end, 0.0000054 secs]
2025-10-27T20:00:54.235+0800: 13.601: [GC pause (G1 Evacuation Pause) (young) 263M->265M(309M), 0.0436757 secs]
2025-10-27T20:00:55.370+0800: 14.736: [GC pause (G1 Evacuation Pause) (mixed) 278M->275M(309M), 0.0457014 secs]
2025-10-27T20:00:56.532+0800: 15.897: [GC pause (G1 Evacuation Pause) (young) 288M->291M(309M), 0.0341198 secs]
2025-10-27T20:00:57.672+0800: 17.037: [GC pause (G1 Evacuation Pause) (young) (initial-mark) 304M->306M(322M), 0.0292463 secs]
2025-10-27T20:00:57.701+0800: 17.067: [GC concurrent-root-region-scan-start]
2025-10-27T20:00:57.702+0800: 17.067: [GC concurrent-root-region-scan-end, 0.0005499 secs]
2025-10-27T20:00:57.702+0800: 17.067: [GC concurrent-mark-start]
2025-10-27T20:00:57.838+0800: 17.204: [GC concurrent-mark-end, 0.1366392 secs]
2025-10-27T20:00:57.838+0800: 17.204: [GC remark, 0.0016001 secs]
2025-10-27T20:00:57.840+0800: 17.205: [GC cleanup 307M->272M(322M), 0.0003110 secs]
2025-10-27T20:00:57.840+0800: 17.206: [GC concurrent-cleanup-start]
2025-10-27T20:00:57.840+0800: 17.206: [GC concurrent-cleanup-end, 0.0000069 secs]
2025-10-27T20:00:58.883+0800: 18.249: [GC pause (G1 Evacuation Pause) (young) 284M->286M(322M), 0.0534388 secs]
2025-10-27T20:01:00.528+0800: 19.894: [GC pause (G1 Evacuation Pause) (mixed) 384M->382M(409M), 0.0634214 secs]
2025-10-27T20:01:02.041+0800: 21.406: [GC pause (G1 Evacuation Pause) (young) 399M->401M(423M), 0.0369655 secs]
2025-10-27T20:01:03.572+0800: 22.938: [GC pause (G1 Evacuation Pause) (young) (initial-mark) 419M->422M(444M), 0.0505790 secs]
2025-10-27T20:01:03.623+0800: 22.988: [GC concurrent-root-region-scan-start]
2025-10-27T20:01:03.624+0800: 22.990: [GC concurrent-root-region-scan-end, 0.0011567 secs]
2025-10-27T20:01:03.624+0800: 22.990: [GC concurrent-mark-start]
2025-10-27T20:01:03.816+0800: 23.182: [GC concurrent-mark-end, 0.1921980 secs]
2025-10-27T20:01:03.816+0800: 23.182: [GC remark, 0.0036123 secs]
2025-10-27T20:01:03.820+0800: 23.186: [GC cleanup 424M->371M(444M), 0.0003836 secs]
2025-10-27T20:01:03.821+0800: 23.186: [GC concurrent-cleanup-start]
2025-10-27T20:01:03.821+0800: 23.186: [GC concurrent-cleanup-end, 0.0000100 secs]
2025-10-27T20:01:05.239+0800: 24.604: [GC pause (G1 Evacuation Pause) (young) 388M->389M(444M), 0.0702407 secs]
2025-10-27T20:01:06.922+0800: 26.288: [GC pause (G1 Evacuation Pause) (mixed) 408M->404M(444M), 0.0574462 secs]
2025-10-27T20:01:08.619+0800: 27.985: [GC pause (G1 Evacuation Pause) (young) 423M->425M(449M), 0.0497986 secs]
2025-10-27T20:01:08.981+0800: 28.347: [GC pause (G1 Humongous Allocation) (young) (initial-mark) 429M->432M(449M), 0.0280148 secs]
2025-10-27T20:01:09.009+0800: 28.375: [GC concurrent-root-region-scan-start]
2025-10-27T20:01:09.011+0800: 28.376: [GC concurrent-root-region-scan-end, 0.0013269 secs]
2025-10-27T20:01:09.011+0800: 28.376: [GC concurrent-mark-start]
2025-10-27T20:01:09.254+0800: 28.620: [GC concurrent-mark-end, 0.2435090 secs]
2025-10-27T20:01:09.254+0800: 28.620: [GC remark, 0.0026171 secs]
2025-10-27T20:01:09.257+0800: 28.622: [GC cleanup 553M->553M(568M), 0.0003929 secs]
2025-10-27T20:01:10.447+0800: 29.813: [GC pause (G1 Evacuation Pause) (young) 567M->568M(589M), 0.0452000 secs]
2025-10-27T20:01:12.132+0800: 31.498: [GC pause (G1 Evacuation Pause) (mixed) 587M->587M(613M), 0.0492563 secs]
2025-10-27T20:01:14.233+0800: 33.598: [GC pause (G1 Evacuation Pause) (young) 611M->614M(643M), 0.0570902 secs]
2025-10-27T20:01:16.675+0800: 36.041: [GC pause (G1 Evacuation Pause) (young) (initial-mark) 642M->643M(677M), 0.0893493 secs]
2025-10-27T20:01:16.765+0800: 36.130: [GC concurrent-root-region-scan-start]
2025-10-27T20:01:16.766+0800: 36.131: [GC concurrent-root-region-scan-end, 0.0010350 secs]
2025-10-27T20:01:16.766+0800: 36.131: [GC concurrent-mark-start]
2025-10-27T20:01:17.062+0800: 36.428: [GC concurrent-mark-end, 0.2966114 secs]
2025-10-27T20:01:17.062+0800: 36.428: [GC remark, 0.0032682 secs]
2025-10-27T20:01:17.066+0800: 36.431: [GC cleanup 647M->568M(677M), 0.0004838 secs]
2025-10-27T20:01:17.066+0800: 36.432: [GC concurrent-cleanup-start]
2025-10-27T20:01:17.066+0800: 36.432: [GC concurrent-cleanup-end, 0.0000117 secs]
2025-10-27T20:01:19.211+0800: 38.576: [GC pause (G1 Evacuation Pause) (young) 593M->595M(677M), 0.0516782 secs]
2025-10-27T20:01:21.620+0800: 40.985: [GC pause (G1 Evacuation Pause) (mixed) 623M->622M(677M), 0.0800955 secs]
2025-10-27T20:01:22.970+0800: 42.336: [GC pause (G1 Humongous Allocation) (young) (initial-mark) 637M->638M(677M), 0.0482100 secs]
2025-10-27T20:01:23.019+0800: 42.384: [GC concurrent-root-region-scan-start]
2025-10-27T20:01:23.021+0800: 42.387: [GC concurrent-root-region-scan-end, 0.0024271 secs]
2025-10-27T20:01:23.021+0800: 42.387: [GC concurrent-mark-start]
2025-10-27T20:01:23.359+0800: 42.724: [GC concurrent-mark-end, 0.3374518 secs]
2025-10-27T20:01:23.359+0800: 42.724: [GC remark, 0.0023472 secs]
2025-10-27T20:01:23.361+0800: 42.727: [GC cleanup 820M->820M(856M), 0.0004774 secs]
2025-10-27T20:01:26.273+0800: 45.639: [GC pause (G1 Evacuation Pause) (young) 854M->856M(899M), 0.0963813 secs]
2025-10-27T20:01:29.572+0800: 48.938: [GC pause (G1 Evacuation Pause) (young) 894M->896M(941M), 0.0875335 secs]
2025-10-27T20:01:33.166+0800: 52.532: [GC pause (G1 Evacuation Pause) (young) (initial-mark) 937M->938M(986M), 0.0719491 secs]
2025-10-27T20:01:33.238+0800: 52.604: [GC concurrent-root-region-scan-start]
2025-10-27T20:01:33.240+0800: 52.606: [GC concurrent-root-region-scan-end, 0.0018107 secs]
2025-10-27T20:01:33.240+0800: 52.606: [GC concurrent-mark-start]
2025-10-27T20:01:33.679+0800: 53.044: [GC concurrent-mark-end, 0.4384744 secs]
2025-10-27T20:01:33.679+0800: 53.045: [GC remark, 0.0049332 secs]
2025-10-27T20:01:33.684+0800: 53.050: [GC cleanup 943M->824M(986M), 0.0020953 secs]
2025-10-27T20:01:33.686+0800: 53.052: [GC concurrent-cleanup-start]
2025-10-27T20:01:33.686+0800: 53.052: [GC concurrent-cleanup-end, 0.0000206 secs]
2025-10-27T20:01:37.335+0800: 56.701: [GC pause (G1 Evacuation Pause) (young) 862M->864M(986M), 0.1294362 secs]
2025-10-27T20:01:41.128+0800: 60.493: [GC pause (G1 Evacuation Pause) (young) 906M->908M(986M), 0.0809839 secs]
2025-10-27T20:01:44.408+0800: 63.774: [GC pause (G1 Humongous Allocation) (young) (initial-mark) 946M->947M(994M), 0.0851744 secs]
2025-10-27T20:01:44.493+0800: 63.859: [GC concurrent-root-region-scan-start]
2025-10-27T20:01:44.493+0800: 63.859: [GC pause (G1 Humongous Allocation) (young)2025-10-27T20:01:44.495+0800: 63.861: [GC concurrent-root-region-scan-end, 0.0020269 secs]
2025-10-27T20:01:44.495+0800: 63.861: [GC concurrent-mark-start]
 947M->949M(994M), 0.0169305 secs]
2025-10-27T20:01:44.511+0800: 63.877: [Full GC (Allocation Failure)  949M->893M(1024M), 2.1168988 secs]
2025-10-27T20:01:46.628+0800: 65.994: [Full GC (Allocation Failure)  893M->892M(1024M), 1.5972164 secs]
2025-10-27T20:01:48.225+0800: 67.591: [GC concurrent-mark-abort]